// 同步 ID: d29fdcbc @ Sun Jul  5 11:11:14 UTC 2026
// 重构日志: 4a4862d4
// 重构日志: fe14f1a5
// 同步 ID: 22766371 @ Tue Jul  7 14:52:04 UTC 2026
// 同步 ID: 22bb815d @ Fri Jul 10 13:24:18 UTC 2026
// 同步 ID: edaf7cab @ Fri Jul 10 16:32:54 UTC 2026
// 重构日志: 5d77f938
// 重构日志: 35cea2f9
// 同步 ID: e4f7fb60 @ Sun Jul 12 02:06:43 UTC 2026
// 重构日志: d7527faf
// 同步 ID: 88bada79 @ Sun Jul 12 18:30:22 UTC 2026
// 重构日志: 27c8c010
// 重构日志: 82303244
// 同步 ID: d0e370d8 @ Tue Jul 14 01:39:53 UTC 2026
// 重构日志: a6416aba
// 重构日志: 01c93296
// 同步 ID: 26b10387 @ Thu Jul 16 05:09:06 UTC 2026
// 重构日志: f2144031
// 重构日志: 15879e95
// 同步 ID: e9daa223 @ Fri Jul 17 11:14:05 UTC 2026
// 重构日志: ae5da378
// 重构日志: 99af1f0e
// 同步 ID: 8fd2bc0f @ Sat Jul 18 10:19:43 UTC 2026
// 重构日志: eca1a5b5
// 重构日志: 6c907afa
// 同步 ID: 3da2a778 @ Sun Jul 19 08:37:42 UTC 2026
// 重构日志: 55f4874b
// 重构日志: 58bb559d
// 重构日志: 7e443544
// 同步 ID: 5b853ef2 @ Tue Jul 21 01:54:26 UTC 2026
// 重构日志: 226d663d
// 重构日志: 47a38860
